Microchip MPLAB XC8 Compiler V2.31

Linker command line:

-W-3 --edf=C:\Program Files\Microchip\xc8\v2.31\pic\dat\en_msgs.txt -cn \
  -h+dist/default/production\PROYECTO.X.production.sym \
  --cmf=dist/default/production\PROYECTO.X.production.cmf -z -Q16F887 \
  -oC:\Users\isaac\AppData\Local\Temp\sfjc.2 --defsym=__MPLAB_BUILD=1 \
  -Mdist/default/production/PROYECTO.X.production.map -E1 -ver=XC8 Compiler \
  --acfsm=1493 -ASTACK=0110h-016Fh -pstack=STACK -ACODE=00h-07FFhx4 \
  -ASTRCODE=00h-01FFFh -ASTRING=00h-0FFhx32 -ACONST=00h-0FFhx32 \
  -AENTRY=00h-0FFhx32 -ACOMMON=070h-07Fh -ABANK0=020h-06Fh \
  -ABANK1=0A0h-0EFh -ABANK2=0110h-016Fh -ABANK3=0190h-01EFh \
  -ARAM=020h-06Fh,0A0h-0EFh,0110h-016Fh,0190h-01EFh \
  -AABS1=020h-07Fh,0A0h-0EFh,0110h-016Fh,0190h-01EFh -ASFR0=00h-01Fh \
  -ASFR1=080h-09Fh -ASFR2=0100h-010Fh -ASFR3=0180h-018Fh \
  -ACONFIG=02007h-02008h -DCONFIG=2 -AIDLOC=02000h-02003h -DIDLOC=2 \
  -AEEDATA=00h-0FFh/02100h -peeprom_data=EEDATA -DEEDATA=2 -DCODE=2 \
  -DSTRCODE=2 -DSTRING=2 -DCONST=2 -DENTRY=2 \
  -preset_vec=00h,intentry=04h,init,end_init -ppowerup=CODE -pcinit=CODE \
  -pfunctab=ENTRY -k C:\Users\isaac\AppData\Local\Temp\sfjc.o \
  dist/default/production\PROYECTO.X.production.o 

Object code version is 3.11

Machine type is 16F887



                Name                               Link     Load   Length Selector   Space Scale
C:\Users\isaac\AppData\Local\Temp\sfjc.o
                end_init                              C        C        3        8       0
                reset_vec                             0        0        3        0       0
                config                             2007     2007        2        0       4
dist/default/production\PROYECTO.X.production.o
                cinit                                 F        F       14        8       0
                intentry                              4        4        8        8       0
                config                             2007     2007        2        0       4
                text14                              335      335        7      5D4       0
                text13                               BC       BC       68        8       0
                text12                              236      236       31        8       0
                text11                              1FE      1FE       38        8       0
                text10                              31F      31F        E      5D4       0
                text9                               311      311        E      5D4       0
                text8                               2FF      2FF       12      5D4       0
                text7                               2B9      2B9       1B        8       0
                text6                               295      295       24        8       0
                text5                               267      267       2E        8       0
                text4                                23       23       99        8       0
                text3                               1C6      1C6       38        8       0
                text2                               18B      18B       3B        8       0
                text1                               2EA      2EA       15      5D4       0
                maintext                            124      124       67        8       0
                cstackBANK0                          39       39        F       20       1
                cstackCOMMON                         70       70        A       70       1
                clrtext                             32D      32D        8      5D4       0
                bssBANK0                             20       20       19       20       1
                dataCOMMON                           7B       7B        1       70       1
                bitbssCOMMON                        3D0       7A        1       70       1     8
                strings                             2D4      2D4       16      5A8       0
                nvBANK0                              48       48        1       20       1
                idataCOMMON                         33C      33C        1      5D4       0

TOTAL           Name                               Link     Load   Length     Space
        CLASS   STACK          

        CLASS   CODE           
                end_init                              C        C        3         0
                cinit                                 F        F       14         0
                intentry                              4        4        8         0
                reset_vec                             0        0        3         0
                text14                              335      335        7         0
                text13                               BC       BC       68         0
                text12                              236      236       31         0
                text11                              1FE      1FE       38         0
                text10                              31F      31F        E         0
                text9                               311      311        E         0
                text8                               2FF      2FF       12         0
                text7                               2B9      2B9       1B         0
                text6                               295      295       24         0
                text5                               267      267       2E         0
                text4                                23       23       99         0
                text3                               1C6      1C6       38         0
                text2                               18B      18B       3B         0
                text1                               2EA      2EA       15         0
                maintext                            124      124       67         0
                clrtext                             32D      32D        8         0
                idataCOMMON                         33C      33C        1         0

        CLASS   STRCODE        

        CLASS   STRING         
                strings                             2D4      2D4       16         0

        CLASS   CONST          

        CLASS   ENTRY          

        CLASS   COMMON         
                cstackCOMMON                         70       70        A         1
                dataCOMMON                           7B       7B        1         1
                bitbssCOMMON                        3D0       7A        1         1

        CLASS   BANK0          
                cstackBANK0                          39       39        F         1
                bssBANK0                             20       20       19         1
                nvBANK0                              48       48        1         1

        CLASS   BANK1          

        CLASS   BANK2          

        CLASS   BANK3          

        CLASS   RAM            

        CLASS   ABS1           
                abs_s1                               7E       7E        2         1

        CLASS   SFR0           

        CLASS   SFR1           

        CLASS   SFR2           

        CLASS   SFR3           

        CLASS   CONFIG         
                config                             2007     2007        2         4

        CLASS   IDLOC          

        CLASS   EEDATA         



SEGMENTS        Name                           Load    Length   Top    Selector   Space  Class     Delta

                reset_vec                      000000  000003  000003         0       0  CODE        2
                intentry                       000004  0002D0  0002D4         8       0  CODE        2
                bssBANK0                       000020  000029  000049        20       1  BANK0       1
                cstackCOMMON                   000070  00000C  00007C        70       1  COMMON      1
                strings                        0002D4  000016  0002EA       5A8       0  STRING      2
                text1                          0002EA  000053  00033D       5D4       0  CODE        2


UNUSED ADDRESS RANGES

        Name                Unused          Largest block    Delta
        BANK0            0049-006F             27           1
        BANK1            00A0-00EF             50           1
        BANK2            0110-016F             60           1
        BANK3            0190-01EF             60           1
        CODE             0003-0003              1           2
                         033D-1FFF            800
        COMMON           007C-007D              2           1
        CONST            0003-0003              1           2
                         033D-1FFF            100
        EEDATA           2100-21FF            100           2
        ENTRY            0003-0003              1           2
                         033D-1FFF            100
        IDLOC            2000-2003              4           2
        RAM              0049-006F             27           1
                         00A0-00EF             50
                         0110-016F             60
                         0190-01EF             60
        SFR0             0000-001F             20           1
        SFR1             0080-009F             20           1
        SFR2             0100-010F             10           1
        SFR3             0180-018F             10           1
        STACK            0110-016F             60           1
        STRCODE          0003-0003              1           2
                         033D-1FFF           1CC3
        STRING           0003-0003              1           2
                         033D-1FFF            100

                                  Symbol Table

?___lldiv                  cstackCOMMON 0072
Expander_Write@value       cstackCOMMON 0073
I2C_Init@i2c_clk_freq      cstackBANK0  003F
I2C_Master_Init@c          cstackBANK0  003F
I2C_Write@i2c_data         cstackCOMMON 0072
LCD_Begin@_i2c_addr        cstackCOMMON 0079
LCD_Cmd@Command            cstackCOMMON 0078
LCD_Goto@col               cstackBANK0  003B
LCD_Goto@row               cstackCOMMON 0079
LCD_Print@LCD_Str          cstackCOMMON 0078
LCD_Print@i                cstackCOMMON 0077
LCD_Write_Nibble@n         cstackCOMMON 0075
_ACKDT                     (abs)        048D
_ACKEN                     (abs)        048C
_ANSEL                     (abs)        0188
_ANSELH                    (abs)        0189
_BAUDCTLbits               (abs)        0187
_Expander_Write            text7        02B9
_GIE                       (abs)        005F
_I2C_Init                  text12       0236
_I2C_Master_Init           text11       01FE
_I2C_Start                 text10       031F
_I2C_Stop                  text9        0311
_I2C_Write                 text8        02FF
_LCD_Begin                 text4        0023
_LCD_Cmd                   text5        0267
_LCD_Goto                  text3        01C6
_LCD_Print                 text2        018B
_LCD_Write_Nibble          text6        0295
_OSCCONbits                (abs)        008F
_PEIE                      (abs)        005E
_PEN                       (abs)        048A
_PORTA                     (abs)        0005
_PORTB                     (abs)        0006
_PORTC                     (abs)        0007
_PORTD                     (abs)        0008
_RCEN                      (abs)        048B
_RCREG                     (abs)        001A
_RCSTAbits                 (abs)        0018
_RS                        bitbssCOMMON 03D0
_RSEN                      (abs)        0489
_SEN                       (abs)        0488
_SPBRG                     (abs)        0099
_SPBRGH                    (abs)        009A
_SSPADD                    (abs)        0093
_SSPBUF                    (abs)        0013
_SSPCON                    (abs)        0014
_SSPCON2                   (abs)        0091
_SSPCON2bits               (abs)        0091
_SSPIE                     (abs)        0463
_SSPIF                     (abs)        0063
_SSPSTAT                   (abs)        0094
_TRISA                     (abs)        0085
_TRISB                     (abs)        0086
_TRISC                     (abs)        0087
_TRISC3                    (abs)        043B
_TRISC4                    (abs)        043C
_TRISCbits                 (abs)        0087
_TRISD                     (abs)        0088
_TXREG                     (abs)        0019
_TXSTAbits                 (abs)        0098
_USART_Init                text1        02EA
__Habs1                    abs1         0000
__Hbank0                   bank0        0000
__Hbank1                   bank1        0000
__Hbank2                   bank2        0000
__Hbank3                   bank3        0000
__HbitbssCOMMON            bitbssCOMMON 0000
__HbssBANK0                bssBANK0     0000
__Hcinit                   cinit        0023
__Hclrtext                 clrtext      0000
__Hcode                    code         0000
__Hcommon                  common       0000
__Hconfig                  config       2009
__HcstackBANK0             cstackBANK0  0000
__HcstackCOMMON            cstackCOMMON 0000
__HdataCOMMON              dataCOMMON   0000
__Heeprom_data             eeprom_data  0000
__Hend_init                end_init     000F
__Hfunctab                 functab      0000
__HidataCOMMON             idataCOMMON  0000
__Hinit                    init         000C
__Hintentry                intentry     000C
__Hmaintext                maintext     0000
__HnvBANK0                 nvBANK0      0000
__Hpowerup                 powerup      0000
__Hram                     ram          0000
__Hreset_vec               reset_vec    0003
__Hsfr0                    sfr0         0000
__Hsfr1                    sfr1         0000
__Hsfr2                    sfr2         0000
__Hsfr3                    sfr3         0000
__Hspace_0                 (abs)        033D
__Hspace_1                 (abs)        03D1
__Hspace_2                 (abs)        0000
__Hspace_3                 (abs)        0000
__Hspace_4                 (abs)        4010
__Hstack                   stack        0000
__Hstrings                 strings      0000
__Htext                    text         0000
__Labs1                    abs1         0000
__Lbank0                   bank0        0000
__Lbank1                   bank1        0000
__Lbank2                   bank2        0000
__Lbank3                   bank3        0000
__LbitbssCOMMON            bitbssCOMMON 0000
__LbssBANK0                bssBANK0     0000
__Lcinit                   cinit        000F
__Lclrtext                 clrtext      0000
__Lcode                    code         0000
__Lcommon                  common       0000
__Lconfig                  config       0000
__LcstackBANK0             cstackBANK0  0000
__LcstackCOMMON            cstackCOMMON 0000
__LdataCOMMON              dataCOMMON   0000
__Leeprom_data             eeprom_data  0000
__Lend_init                end_init     000C
__Lfunctab                 functab      0000
__LidataCOMMON             idataCOMMON  0000
__Linit                    init         000C
__Lintentry                intentry     0004
__Lmaintext                maintext     0000
__LnvBANK0                 nvBANK0      0000
__Lpowerup                 powerup      0000
__Lram                     ram          0000
__Lreset_vec               reset_vec    0000
__Lsfr0                    sfr0         0000
__Lsfr1                    sfr1         0000
__Lsfr2                    sfr2         0000
__Lsfr3                    sfr3         0000
__Lspace_0                 (abs)        0000
__Lspace_1                 (abs)        0000
__Lspace_2                 (abs)        0000
__Lspace_3                 (abs)        0000
__Lspace_4                 (abs)        0000
__Lstack                   stack        0000
__Lstrings                 strings      0000
__Ltext                    text         0000
__S0                       (abs)        033D
__S1                       (abs)        007C
__S2                       (abs)        0000
__S3                       (abs)        0000
___int_sp                  stack        0000
___latbits                 (abs)        0002
___lldiv                   text13       00BC
___lldiv@counter           cstackBANK0  003E
___lldiv@dividend          cstackCOMMON 0076
___lldiv@divisor           cstackCOMMON 0072
___lldiv@quotient          cstackBANK0  003A
___sp                      stack        0000
___stackhi                 (abs)        0000
___stacklo                 (abs)        0000
__end_of_Expander_Write    text7        02D4
__end_of_I2C_Init          text12       0267
__end_of_I2C_Master_Init   text11       0236
__end_of_I2C_Start         text10       032D
__end_of_I2C_Stop          text9        031F
__end_of_I2C_Write         text8        0311
__end_of_LCD_Begin         text4        00BC
__end_of_LCD_Cmd           text5        0295
__end_of_LCD_Goto          text3        01FE
__end_of_LCD_Print         text2        01C6
__end_of_LCD_Write_Nibble  text6        02B9
__end_of_USART_Init        text1        02FF
__end_of___lldiv           text13       0124
__end_of__initialization   cinit        001F
__end_of__stringtab        strings      02DA
__end_of_isr               text14       033C
__end_of_main              maintext     018B
__initialization           cinit        000F
__pbitbssCOMMON            bitbssCOMMON 03D0
__pbssBANK0                bssBANK0     0020
__pcstackBANK0             cstackBANK0  0039
__pcstackCOMMON            cstackCOMMON 0070
__pdataCOMMON              dataCOMMON   007B
__pidataCOMMON             idataCOMMON  033C
__pintentry                intentry     0004
__pmaintext                maintext     0124
__pnvBANK0                 nvBANK0      0048
__pstrings                 strings      02D4
__ptext1                   text1        02EA
__ptext10                  text10       031F
__ptext11                  text11       01FE
__ptext12                  text12       0236
__ptext13                  text13       00BC
__ptext14                  text14       0335
__ptext2                   text2        018B
__ptext3                   text3        01C6
__ptext4                   text4        0023
__ptext5                   text5        0267
__ptext6                   text6        0295
__ptext7                   text7        02B9
__ptext8                   text8        02FF
__ptext9                   text9        0311
__size_of_Expander_Write   (abs)        0000
__size_of_I2C_Init         (abs)        0000
__size_of_I2C_Master_Init  (abs)        0000
__size_of_I2C_Start        (abs)        0000
__size_of_I2C_Stop         (abs)        0000
__size_of_I2C_Write        (abs)        0000
__size_of_LCD_Begin        (abs)        0000
__size_of_LCD_Cmd          (abs)        0000
__size_of_LCD_Goto         (abs)        0000
__size_of_LCD_Print        (abs)        0000
__size_of_LCD_Write_Nibble (abs)        0000
__size_of_USART_Init       (abs)        0000
__size_of___lldiv          (abs)        0000
__size_of_isr              (abs)        0000
__size_of_main             (abs)        0000
__stringbase               strings      02D9
__stringtab                strings      02D4
_backlight_val             dataCOMMON   007B
_i2c_addr                  nvBANK0      0048
_isr                       text14       0335
_main                      maintext     0124
btemp                      (abs)        007E
clear_ram0                 clrtext      032D
end_of_initialization      cinit        001F
interrupt_function         intentry     0004
intlevel0                  functab      0000
intlevel1                  functab      0000
intlevel2                  functab      0000
intlevel3                  functab      0000
intlevel4                  functab      0000
intlevel5                  functab      0000
reset_vec                  reset_vec    0000
saved_w                    (abs)        007E
start                      init         000C
start_initialization       cinit        000F
wtemp0                     (abs)        007E


FUNCTION INFORMATION:

 *************** function _main *****************
 Defined at:
		line 70 in file "main.c"
 Parameters:    Size  Location     Type
		None
 Auto vars:     Size  Location     Type
		None
 Return value:  Size  Location     Type
                  1    wreg      void 
 Registers used:
		wreg, fsr0l, fsr0h, status,2, status,0, pclath, cstack
 Tracked objects:
		On entry : 
		On exit  : 
		Unchanged: 
 Data sizes:     COMMON   BANK0   BANK1   BANK3   BANK2
      Params:         0       0       0       0       0
      Locals:         0       0       0       0       0
      Temps:          0       1       0       0       0
      Totals:         0       1       0       0       0
Total ram usage:        1 bytes
 Hardware stack levels required when called:    6
 This function calls:
		_I2C_Init
		_I2C_Master_Init
		_LCD_Begin
		_LCD_Goto
		_LCD_Print
		_USART_Init
 This function is called by:
		Startup code after reset
 This function uses a non-reentrant model


 *************** function _USART_Init *****************
 Defined at:
		line 4 in file "USART.c"
 Parameters:    Size  Location     Type
		None
 Auto vars:     Size  Location     Type
		None
 Return value:  Size  Location     Type
                  1    wreg      void 
 Registers used:
		wreg, status,2
 Tracked objects:
		On entry : 
		On exit  : 
		Unchanged: 
 Data sizes:     COMMON   BANK0   BANK1   BANK3   BANK2
      Params:         0       0       0       0       0
      Locals:         0       0       0       0       0
      Temps:          0       0       0       0       0
      Totals:         0       0       0       0       0
Total ram usage:        0 bytes
 Hardware stack levels used:    1
 Hardware stack levels required when called:    1
 This function calls:
		Nothing
 This function is called by:
		_main
 This function uses a non-reentrant model


 *************** function _LCD_Print *****************
 Defined at:
		line 121 in file "I2C_LCD.c"
 Parameters:    Size  Location     Type
  LCD_Str         1    wreg     PTR unsigned char 
		 -> STR_2(2), STR_1(14), 
 Auto vars:     Size  Location     Type
  LCD_Str         1    8[COMMON] PTR unsigned char 
		 -> STR_2(2), STR_1(14), 
  i               1    7[COMMON] unsigned char 
 Return value:  Size  Location     Type
                  1    wreg      void 
 Registers used:
		wreg, fsr0l, fsr0h, status,2, status,0, pclath, cstack
 Tracked objects:
		On entry : 
		On exit  : 
		Unchanged: 
 Data sizes:     COMMON   BANK0   BANK1   BANK3   BANK2
      Params:         0       0       0       0       0
      Locals:         2       0       0       0       0
      Temps:          1       0       0       0       0
      Totals:         3       0       0       0       0
Total ram usage:        3 bytes
 Hardware stack levels used:    1
 Hardware stack levels required when called:    4
 This function calls:
		_LCD_Write_Nibble
 This function is called by:
		_main
 This function uses a non-reentrant model


 *************** function _LCD_Goto *****************
 Defined at:
		line 95 in file "I2C_LCD.c"
 Parameters:    Size  Location     Type
  col             1    wreg     unsigned char 
  row             1    9[COMMON] unsigned char 
 Auto vars:     Size  Location     Type
  col             1    2[BANK0 ] unsigned char 
 Return value:  Size  Location     Type
                  1    wreg      void 
 Registers used:
		wreg, fsr0l, fsr0h, status,2, status,0, pclath, cstack
 Tracked objects:
		On entry : 
		On exit  : 
		Unchanged: 
 Data sizes:     COMMON   BANK0   BANK1   BANK3   BANK2
      Params:         1       0       0       0       0
      Locals:         0       1       0       0       0
      Temps:          0       2       0       0       0
      Totals:         1       3       0       0       0
Total ram usage:        4 bytes
 Hardware stack levels used:    1
 Hardware stack levels required when called:    5
 This function calls:
		_LCD_Cmd
 This function is called by:
		_main
 This function uses a non-reentrant model


 *************** function _LCD_Begin *****************
 Defined at:
		line 132 in file "I2C_LCD.c"
 Parameters:    Size  Location     Type
  _i2c_addr       1    wreg     unsigned char 
 Auto vars:     Size  Location     Type
  _i2c_addr       1    9[COMMON] unsigned char 
 Return value:  Size  Location     Type
                  1    wreg      void 
 Registers used:
		wreg, status,2, status,0, pclath, cstack
 Tracked objects:
		On entry : 
		On exit  : 
		Unchanged: 
 Data sizes:     COMMON   BANK0   BANK1   BANK3   BANK2
      Params:         0       0       0       0       0
      Locals:         1       0       0       0       0
      Temps:          0       2       0       0       0
      Totals:         1       2       0       0       0
Total ram usage:        3 bytes
 Hardware stack levels used:    1
 Hardware stack levels required when called:    5
 This function calls:
		_Expander_Write
		_LCD_Cmd
 This function is called by:
		_main
 This function uses a non-reentrant model


 *************** function _LCD_Cmd *****************
 Defined at:
		line 86 in file "I2C_LCD.c"
 Parameters:    Size  Location     Type
  Command         1    wreg     unsigned char 
 Auto vars:     Size  Location     Type
  Command         1    8[COMMON] unsigned char 
 Return value:  Size  Location     Type
                  1    wreg      void 
 Registers used:
		wreg, status,2, status,0, pclath, cstack
 Tracked objects:
		On entry : 
		On exit  : 
		Unchanged: 
 Data sizes:     COMMON   BANK0   BANK1   BANK3   BANK2
      Params:         0       0       0       0       0
      Locals:         1       0       0       0       0
      Temps:          2       0       0       0       0
      Totals:         3       0       0       0       0
Total ram usage:        3 bytes
 Hardware stack levels used:    1
 Hardware stack levels required when called:    4
 This function calls:
		_LCD_Write_Nibble
 This function is called by:
		_LCD_Goto
		_LCD_Begin
 This function uses a non-reentrant model


 *************** function _LCD_Write_Nibble *****************
 Defined at:
		line 75 in file "I2C_LCD.c"
 Parameters:    Size  Location     Type
  n               1    wreg     unsigned char 
 Auto vars:     Size  Location     Type
  n               1    5[COMMON] unsigned char 
 Return value:  Size  Location     Type
                  1    wreg      void 
 Registers used:
		wreg, status,2, status,0, pclath, cstack
 Tracked objects:
		On entry : 
		On exit  : 
		Unchanged: 
 Data sizes:     COMMON   BANK0   BANK1   BANK3   BANK2
      Params:         0       0       0       0       0
      Locals:         1       0       0       0       0
      Temps:          1       0       0       0       0
      Totals:         2       0       0       0       0
Total ram usage:        2 bytes
 Hardware stack levels used:    1
 Hardware stack levels required when called:    3
 This function calls:
		_Expander_Write
 This function is called by:
		_LCD_Cmd
		_LCD_Print
		_LCD_PutC
 This function uses a non-reentrant model


 *************** function _Expander_Write *****************
 Defined at:
		line 67 in file "I2C_LCD.c"
 Parameters:    Size  Location     Type
  value           1    wreg     unsigned char 
 Auto vars:     Size  Location     Type
  value           1    3[COMMON] unsigned char 
 Return value:  Size  Location     Type
                  1    wreg      void 
 Registers used:
		wreg, status,2, status,0, pclath, cstack
 Tracked objects:
		On entry : 
		On exit  : 
		Unchanged: 
 Data sizes:     COMMON   BANK0   BANK1   BANK3   BANK2
      Params:         0       0       0       0       0
      Locals:         1       0       0       0       0
      Temps:          0       0       0       0       0
      Totals:         1       0       0       0       0
Total ram usage:        1 bytes
 Hardware stack levels used:    1
 Hardware stack levels required when called:    2
 This function calls:
		_I2C_Start
		_I2C_Stop
		_I2C_Write
 This function is called by:
		_LCD_Write_Nibble
		_LCD_Begin
		_Backlight
		_noBacklight
 This function uses a non-reentrant model


 *************** function _I2C_Write *****************
 Defined at:
		line 39 in file "I2C_LCD.c"
 Parameters:    Size  Location     Type
  i2c_data        1    wreg     unsigned char 
 Auto vars:     Size  Location     Type
  i2c_data        1    2[COMMON] unsigned char 
 Return value:  Size  Location     Type
                  1    wreg      void 
 Registers used:
		wreg, status,2
 Tracked objects:
		On entry : 
		On exit  : 
		Unchanged: 
 Data sizes:     COMMON   BANK0   BANK1   BANK3   BANK2
      Params:         0       0       0       0       0
      Locals:         1       0       0       0       0
      Temps:          0       0       0       0       0
      Totals:         1       0       0       0       0
Total ram usage:        1 bytes
 Hardware stack levels used:    1
 Hardware stack levels required when called:    1
 This function calls:
		Nothing
 This function is called by:
		_Expander_Write
 This function uses a non-reentrant model


 *************** function _I2C_Stop *****************
 Defined at:
		line 33 in file "I2C_LCD.c"
 Parameters:    Size  Location     Type
		None
 Auto vars:     Size  Location     Type
		None
 Return value:  Size  Location     Type
                  1    wreg      void 
 Registers used:
		wreg, status,2
 Tracked objects:
		On entry : 
		On exit  : 
		Unchanged: 
 Data sizes:     COMMON   BANK0   BANK1   BANK3   BANK2
      Params:         0       0       0       0       0
      Locals:         0       0       0       0       0
      Temps:          0       0       0       0       0
      Totals:         0       0       0       0       0
Total ram usage:        0 bytes
 Hardware stack levels used:    1
 Hardware stack levels required when called:    1
 This function calls:
		Nothing
 This function is called by:
		_Expander_Write
 This function uses a non-reentrant model


 *************** function _I2C_Start *****************
 Defined at:
		line 27 in file "I2C_LCD.c"
 Parameters:    Size  Location     Type
		None
 Auto vars:     Size  Location     Type
		None
 Return value:  Size  Location     Type
                  1    wreg      void 
 Registers used:
		wreg, status,2
 Tracked objects:
		On entry : 
		On exit  : 
		Unchanged: 
 Data sizes:     COMMON   BANK0   BANK1   BANK3   BANK2
      Params:         0       0       0       0       0
      Locals:         0       0       0       0       0
      Temps:          0       0       0       0       0
      Totals:         0       0       0       0       0
Total ram usage:        0 bytes
 Hardware stack levels used:    1
 Hardware stack levels required when called:    1
 This function calls:
		Nothing
 This function is called by:
		_Expander_Write
 This function uses a non-reentrant model


 *************** function _I2C_Master_Init *****************
 Defined at:
		line 16 in file "I2C.c"
 Parameters:    Size  Location     Type
  c               4    6[BANK0 ] const unsigned long 
 Auto vars:     Size  Location     Type
		None
 Return value:  Size  Location     Type
                  1    wreg      void 
 Registers used:
		wreg, status,2, status,0, pclath, cstack
 Tracked objects:
		On entry : 
		On exit  : 
		Unchanged: 
 Data sizes:     COMMON   BANK0   BANK1   BANK3   BANK2
      Params:         0       4       0       0       0
      Locals:         0       0       0       0       0
      Temps:          0       4       0       0       0
      Totals:         0       8       0       0       0
Total ram usage:        8 bytes
 Hardware stack levels used:    1
 Hardware stack levels required when called:    2
 This function calls:
		___lldiv
 This function is called by:
		_main
 This function uses a non-reentrant model


 *************** function _I2C_Init *****************
 Defined at:
		line 20 in file "I2C_LCD.c"
 Parameters:    Size  Location     Type
  i2c_clk_freq    4    6[BANK0 ] unsigned long 
 Auto vars:     Size  Location     Type
		None
 Return value:  Size  Location     Type
                  1    wreg      void 
 Registers used:
		wreg, status,2, status,0, pclath, cstack
 Tracked objects:
		On entry : 
		On exit  : 
		Unchanged: 
 Data sizes:     COMMON   BANK0   BANK1   BANK3   BANK2
      Params:         0       4       0       0       0
      Locals:         0       0       0       0       0
      Temps:          0       4       0       0       0
      Totals:         0       8       0       0       0
Total ram usage:        8 bytes
 Hardware stack levels used:    1
 Hardware stack levels required when called:    2
 This function calls:
		___lldiv
 This function is called by:
		_main
 This function uses a non-reentrant model


 *************** function ___lldiv *****************
 Defined at:
		line 5 in file "C:\Program Files\Microchip\xc8\v2.31\pic\sources\c90\common\__lldiv.c"
 Parameters:    Size  Location     Type
  divisor         4    2[COMMON] unsigned long 
  dividend        4    6[COMMON] unsigned long 
 Auto vars:     Size  Location     Type
  quotient        4    1[BANK0 ] unsigned long 
  counter         1    5[BANK0 ] unsigned char 
 Return value:  Size  Location     Type
                  4    2[COMMON] unsigned long 
 Registers used:
		wreg, status,2, status,0
 Tracked objects:
		On entry : 
		On exit  : 
		Unchanged: 
 Data sizes:     COMMON   BANK0   BANK1   BANK3   BANK2
      Params:         8       0       0       0       0
      Locals:         0       5       0       0       0
      Temps:          0       1       0       0       0
      Totals:         8       6       0       0       0
Total ram usage:       14 bytes
 Hardware stack levels used:    1
 Hardware stack levels required when called:    1
 This function calls:
		Nothing
 This function is called by:
		_I2C_Master_Init
		_I2C_Init
 This function uses a non-reentrant model


 *************** function _isr *****************
 Defined at:
		line 64 in file "main.c"
 Parameters:    Size  Location     Type
		None
 Auto vars:     Size  Location     Type
		None
 Return value:  Size  Location     Type
                  1    wreg      void 
 Registers used:
		None
 Tracked objects:
		On entry : 
		On exit  : 
		Unchanged: 
 Data sizes:     COMMON   BANK0   BANK1   BANK3   BANK2
      Params:         0       0       0       0       0
      Locals:         0       0       0       0       0
      Temps:          2       0       0       0       0
      Totals:         2       0       0       0       0
Total ram usage:        2 bytes
 Hardware stack levels used:    1
 This function calls:
		Nothing
 This function is called by:
		Interrupt level 1
 This function uses a non-reentrant model



MODULE INFORMATION

Module		Function		Class		Link	Load	Size
USART.c
		_USART_Init    		CODE           	02EA	0000	21

USART.c estimated size: 21

C:\Program Files\Microchip\xc8\v2.31\pic\sources\c90\common\__lldiv.c
		___lldiv       		CODE           	00BC	0000	104

C:\Program Files\Microchip\xc8\v2.31\pic\sources\c90\common\__lldiv.c estimated size: 104

I2C.c
		_I2C_Master_Init		CODE           	01FE	0000	56

I2C.c estimated size: 56

shared
		__stringtab    		STRING         	02D4	0000	6
		__initialization		CODE           	000F	0000	16

shared estimated size: 22

I2C_LCD.c
		_LCD_Cmd       		CODE           	0267	0000	46
		_LCD_Begin     		CODE           	0023	0000	153
		_I2C_Write     		CODE           	02FF	0000	18
		_I2C_Stop      		CODE           	0311	0000	14
		_I2C_Init      		CODE           	0236	0000	49
		_LCD_Goto      		CODE           	01C6	0000	56
		_Expander_Write		CODE           	02B9	0000	27
		_LCD_Print     		CODE           	018B	0000	59
		_I2C_Start     		CODE           	031F	0000	14
		_LCD_Write_Nibble		CODE           	0295	0000	36

I2C_LCD.c estimated size: 472

main.c
		_main          		CODE           	0124	0000	103
		_isr           		CODE           	0335	0000	7

main.c estimated size: 110

