Microchip MPLAB XC8 Compiler V2.31

Linker command line:

-W-3 --edf=C:\Program Files\Microchip\xc8\v2.31\pic\dat\en_msgs.txt -cn \
  -h+dist/default/production\LABORATORIOS.X.production.sym \
  --cmf=dist/default/production\LABORATORIOS.X.production.cmf -z -Q16F887 \
  -oC:\Users\isaac\AppData\Local\Temp\sd3s.2 --defsym=__MPLAB_BUILD=1 \
  -Mdist/default/production/LABORATORIOS.X.production.map -E1 \
  -ver=XC8 Compiler --acfsm=1493 -ASTACK=0110h-016Fh -pstack=STACK \
  -ACODE=00h-07FFhx4 -ASTRCODE=00h-01FFFh -ASTRING=00h-0FFhx32 \
  -ACONST=00h-0FFhx32 -AENTRY=00h-0FFhx32 -ACOMMON=070h-07Fh \
  -ABANK0=020h-06Fh -ABANK1=0A0h-0EFh -ABANK2=0110h-016Fh \
  -ABANK3=0190h-01EFh -ARAM=020h-06Fh,0A0h-0EFh,0110h-016Fh,0190h-01EFh \
  -AABS1=020h-07Fh,0A0h-0EFh,0110h-016Fh,0190h-01EFh -ASFR0=00h-01Fh \
  -ASFR1=080h-09Fh -ASFR2=0100h-010Fh -ASFR3=0180h-018Fh \
  -ACONFIG=02007h-02008h -DCONFIG=2 -AIDLOC=02000h-02003h -DIDLOC=2 \
  -AEEDATA=00h-0FFh/02100h -peeprom_data=EEDATA -DEEDATA=2 -DCODE=2 \
  -DSTRCODE=2 -DSTRING=2 -DCONST=2 -DENTRY=2 \
  -preset_vec=00h,intentry=04h,init,end_init -ppowerup=CODE -pcinit=CODE \
  -pfunctab=ENTRY -k C:\Users\isaac\AppData\Local\Temp\sd3s.o \
  dist/default/production\LABORATORIOS.X.production.o 

Object code version is 3.11

Machine type is 16F887



                Name                               Link     Load   Length Selector   Space Scale
C:\Users\isaac\AppData\Local\Temp\sd3s.o
                end_init                              C        C        3        8       0
                reset_vec                             0        0        3        0       0
                config                             2007     2007        2        0       4
dist/default/production\LABORATORIOS.X.production.o
                cinit                                 F        F        F        8       0
                intentry                              4        4        8        8       0
                config                             2007     2007        2        0       4
                text32                             1A06     1A06        7     340C       0
                text31                             1A75     1A75       1D     34EA       0
                text30                             1ADD     1ADD       2D     35BA       0
                text29                             1A5D     1A5D       18     34BA       0
                text28                             1A47     1A47       16     348E       0
                text27                             1DAA     1DAA       7A     3B54       0
                text26                              803      803        C     1006       0
                text25                             1AB7     1AB7       26     356E       0
                text24                             1A32     1A32       15     3464       0
                text23                             1A02     1A02        4     3404       0
                text22                             1B8A     1B8A       50     3714       0
                text21                             1EA0     1EA0       A4     3D40       0
                text20                             1A15     1A15        B     342A       0
                text19                             12E5     12E5      288     25CA       0
                text18                             1BDA     1BDA       50     37B4       0
                text17                             1E24     1E24       7C     3C48       0
                text16                             1CD9     1CD9       68     39B2       0
                text15                             1C2A     1C2A       56     3854       0
                text14                             1A92     1A92       25     3524       0
                text13                             1F44     1F44       BC     3E88       0
                text12                              718      718       BE        8       0
                text11                             1003     1003       BD     2006       0
                text10                              7D6      7D6       29        8       0
                text9                               3B7      3B7      361        8       0
                text8                              1B44     1B44       46     3688       0
                text7                              1B0A     1B0A       3A     3614       0
                text6                              10C0     10C0      225     2180       0
                text5                              1A20     1A20       12     3440       0
                text4                              1D41     1D41       69     3A82       0
                text3                              1C80     1C80       59     3900       0
                text2                                1E       1E      399        8       0
                text1                               80F      80F      7F1     101E       0
                maintext                           156D     156D      293     2ADA       0
                cstackBANK0                          20       20       50       20       1
                cstackCOMMON                         70       70        A       70       1
                cstackBANK1                          A0       A0       2C       A0       1
                clrtext                            1A0D     1A0D        8     341A       0
                bssBANK1                             CC       CC       23       A0       1
                bssCOMMON                            7A       7A        2       70       1
                stringtext                         1800     1800      116       30       0

TOTAL           Name                               Link     Load   Length     Space
        CLASS   STACK          

        CLASS   CODE           
                end_init                              C        C        3         0
                cinit                                 F        F        F         0
                intentry                              4        4        8         0
                reset_vec                             0        0        3         0
                text32                             1A06     1A06        7         0
                text31                             1A75     1A75       1D         0
                text30                             1ADD     1ADD       2D         0
                text29                             1A5D     1A5D       18         0
                text28                             1A47     1A47       16         0
                text27                             1DAA     1DAA       7A         0
                text26                              803      803        C         0
                text25                             1AB7     1AB7       26         0
                text24                             1A32     1A32       15         0
                text23                             1A02     1A02        4         0
                text22                             1B8A     1B8A       50         0
                text21                             1EA0     1EA0       A4         0
                text20                             1A15     1A15        B         0
                text19                             12E5     12E5      288         0
                text18                             1BDA     1BDA       50         0
                text17                             1E24     1E24       7C         0
                text16                             1CD9     1CD9       68         0
                text15                             1C2A     1C2A       56         0
                text14                             1A92     1A92       25         0
                text13                             1F44     1F44       BC         0
                text12                              718      718       BE         0
                text11                             1003     1003       BD         0
                text10                              7D6      7D6       29         0
                text9                               3B7      3B7      361         0
                text8                              1B44     1B44       46         0
                text7                              1B0A     1B0A       3A         0
                text6                              10C0     10C0      225         0
                text5                              1A20     1A20       12         0
                text4                              1D41     1D41       69         0
                text3                              1C80     1C80       59         0
                text2                                1E       1E      399         0
                text1                               80F      80F      7F1         0
                maintext                           156D     156D      293         0
                clrtext                            1A0D     1A0D        8         0

        CLASS   STRCODE        
                stringtext                         1800     1800      116         0

        CLASS   STRING         

        CLASS   CONST          

        CLASS   ENTRY          

        CLASS   COMMON         
                cstackCOMMON                         70       70        A         1
                bssCOMMON                            7A       7A        2         1

        CLASS   BANK0          
                cstackBANK0                          20       20       50         1

        CLASS   BANK1          
                cstackBANK1                          A0       A0       2C         1
                bssBANK1                             CC       CC       23         1

        CLASS   BANK2          

        CLASS   BANK3          

        CLASS   RAM            

        CLASS   ABS1           
                abs_s1                               7E       7E        2         1

        CLASS   SFR0           

        CLASS   SFR1           

        CLASS   SFR2           

        CLASS   SFR3           

        CLASS   CONFIG         
                config                             2007     2007        2         4

        CLASS   IDLOC          

        CLASS   EEDATA         



SEGMENTS        Name                           Load    Length   Top    Selector   Space  Class     Delta

                reset_vec                      000000  000003  000003         0       0  CODE        2
                intentry                       000004  0007FB  0007FF         8       0  CODE        2
                cstackBANK0                    000020  000050  000070        20       1  BANK0       1
                cstackCOMMON                   000070  00000C  00007C        70       1  COMMON      1
                cstackBANK1                    0000A0  00004F  0000EF        A0       1  BANK1       1
                text26                         000803  00000C  00080F      1006       0  CODE        2
                text1                          00080F  0007F1  001000      101E       0  CODE        2
                text11                         001003  0000BD  0010C0      2006       0  CODE        2
                text6                          0010C0  000225  0012E5      2180       0  CODE        2
                text19                         0012E5  000288  00156D      25CA       0  CODE        2
                maintext                       00156D  000293  001800      2ADA       0  CODE        2
                stringtext                     001800  000116  001916        30       0  STRCODE     2
                text23                         001A02  000004  001A06      3404       0  CODE        2
                text32                         001A06  000007  001A0D      340C       0  CODE        2
                clrtext                        001A0D  000008  001A15      341A       0  CODE        2
                text20                         001A15  00000B  001A20      342A       0  CODE        2
                text5                          001A20  000012  001A32      3440       0  CODE        2
                text24                         001A32  000015  001A47      3464       0  CODE        2
                text28                         001A47  000016  001A5D      348E       0  CODE        2
                text29                         001A5D  000018  001A75      34BA       0  CODE        2
                text31                         001A75  00001D  001A92      34EA       0  CODE        2
                text14                         001A92  000025  001AB7      3524       0  CODE        2
                text25                         001AB7  000026  001ADD      356E       0  CODE        2
                text30                         001ADD  00002D  001B0A      35BA       0  CODE        2
                text7                          001B0A  00003A  001B44      3614       0  CODE        2
                text8                          001B44  000046  001B8A      3688       0  CODE        2
                text22                         001B8A  000050  001BDA      3714       0  CODE        2
                text18                         001BDA  000050  001C2A      37B4       0  CODE        2
                text15                         001C2A  000056  001C80      3854       0  CODE        2
                text3                          001C80  000059  001CD9      3900       0  CODE        2
                text16                         001CD9  000068  001D41      39B2       0  CODE        2
                text4                          001D41  000069  001DAA      3A82       0  CODE        2
                text27                         001DAA  00007A  001E24      3B54       0  CODE        2
                text17                         001E24  00007C  001EA0      3C48       0  CODE        2
                text21                         001EA0  0000A4  001F44      3D40       0  CODE        2
                text13                         001F44  0000BC  002000      3E88       0  CODE        2


UNUSED ADDRESS RANGES

        Name                Unused          Largest block    Delta
        BANK1            00EF-00EF              1           1
        BANK2            0110-016F             60           1
        BANK3            0190-01EF             60           1
        CODE             0003-0003              1           2
                         07FF-0802              1
                         1000-1002              3
                         1916-1A01             EC
        COMMON           007C-007D              2           1
        CONST            0003-0003              1           2
                         07FF-0802              1
                         1000-1002              3
                         1916-1A01             EA
        EEDATA           2100-21FF            100           2
        ENTRY            0003-0003              1           2
                         07FF-0802              1
                         1000-1002              3
                         1916-1A01             EA
        IDLOC            2000-2003              4           2
        RAM              00EF-00EF              1           1
                         0110-016F             60
                         0190-01EF             60
        SFR0             0000-001F             20           1
        SFR1             0080-009F             20           1
        SFR2             0100-010F             10           1
        SFR3             0180-018F             10           1
        STACK            0110-016F             60           1
        STRCODE          0003-0003              1           2
                         07FF-0802              4
                         1000-1002              3
                         1916-1A01             EC
        STRING           0003-0003              1           2
                         07FF-0802              1
                         1000-1002              3
                         1916-1A01             EA

                                  Symbol Table

?__Umul8_16              cstackCOMMON 0072
?___awdiv                cstackBANK0  0020
?___awmod                cstackCOMMON 0072
?___fladd                cstackBANK0  0056
?___flmul                cstackBANK0  0028
?___flneg                cstackCOMMON 0072
?___flsub                cstackBANK1  00A0
?___fltol                cstackBANK0  0055
?___lldiv                cstackCOMMON 0072
?___llmod                cstackCOMMON 0072
?___lwdiv                cstackBANK0  0020
?___lwmod                cstackCOMMON 0072
?___wmul                 cstackCOMMON 0072
?___xxtofl               cstackCOMMON 0072
?__div_to_l_             cstackCOMMON 0072
?__tdiv_to_l_            cstackCOMMON 0072
?_fround                 cstackBANK0  0042
?_scale                  cstackBANK0  0042
?_sprintf                cstackBANK0  006A
LCD_8Cadena@dato         cstackCOMMON 0074
LCD_8Data@data           cstackCOMMON 0073
LCD_8XY@x                cstackCOMMON 0075
LCD_8XY@y                cstackCOMMON 0074
LCD_8_comando@dato       cstackCOMMON 0073
USART_Cadena@str         cstackCOMMON 0073
USART_Tx@data            cstackCOMMON 0072
_ADCON0bits              (abs)        001F
_ADCON1bits              (abs)        009F
_ADRESH                  (abs)        001E
_ANSEL                   (abs)        0188
_ANSELH                  (abs)        0189
_BAUDCTLbits             (abs)        0187
_LCD_8Cadena             text30       1ADD
_LCD_8Data               text31       1A75
_LCD_8XY                 text28       1A47
_LCD_8_comando           text29       1A5D
_LCD_Init8               text27       1DAA
_OSCCONbits              (abs)        008F
_PIR1bits                (abs)        000C
_PORTA                   (abs)        0005
_PORTC                   (abs)        0007
_PORTCbits               (abs)        0007
_PORTD                   (abs)        0008
_PORTE                   (abs)        0009
_RCREG                   (abs)        001A
_RCSTAbits               (abs)        0018
_SPBRG                   (abs)        0099
_SPBRGH                  (abs)        009A
_TRISA                   (abs)        0085
_TRISC                   (abs)        0087
_TRISCbits               (abs)        0087
_TRISD                   (abs)        0088
_TRISE                   (abs)        0089
_TXREG                   (abs)        0019
_TXSTAbits               (abs)        0098
_USART_Cadena            text25       1AB7
_USART_Init              text24       1A32
_USART_Rx                text23       1A02
_USART_Tx                text26       0803
__Habs1                  abs1         0000
__Hbank0                 bank0        0000
__Hbank1                 bank1        0000
__Hbank2                 bank2        0000
__Hbank3                 bank3        0000
__HbssBANK1              bssBANK1     0000
__HbssCOMMON             bssCOMMON    0000
__Hcinit                 cinit        001E
__Hclrtext               clrtext      0000
__Hcode                  code         0000
__Hcommon                common       0000
__Hconfig                config       2009
__HcstackBANK0           cstackBANK0  0000
__HcstackBANK1           cstackBANK1  0000
__HcstackCOMMON          cstackCOMMON 0000
__Heeprom_data           eeprom_data  0000
__Hend_init              end_init     000F
__Hfunctab               functab      0000
__Hinit                  init         000C
__Hintentry              intentry     000C
__Hmaintext              maintext     0000
__Hpowerup               powerup      0000
__Hram                   ram          0000
__Hreset_vec             reset_vec    0003
__Hsfr0                  sfr0         0000
__Hsfr1                  sfr1         0000
__Hsfr2                  sfr2         0000
__Hsfr3                  sfr3         0000
__Hspace_0               (abs)        2000
__Hspace_1               (abs)        00EF
__Hspace_2               (abs)        0000
__Hspace_3               (abs)        0000
__Hspace_4               (abs)        4010
__Hstack                 stack        0000
__Hstrings               strings      0000
__Hstringtext            stringtext   0000
__Htext                  text         0000
__Labs1                  abs1         0000
__Lbank0                 bank0        0000
__Lbank1                 bank1        0000
__Lbank2                 bank2        0000
__Lbank3                 bank3        0000
__LbssBANK1              bssBANK1     0000
__LbssCOMMON             bssCOMMON    0000
__Lcinit                 cinit        000F
__Lclrtext               clrtext      0000
__Lcode                  code         0000
__Lcommon                common       0000
__Lconfig                config       0000
__LcstackBANK0           cstackBANK0  0000
__LcstackBANK1           cstackBANK1  0000
__LcstackCOMMON          cstackCOMMON 0000
__Leeprom_data           eeprom_data  0000
__Lend_init              end_init     000C
__Lfunctab               functab      0000
__Linit                  init         000C
__Lintentry              intentry     0004
__Lmaintext              maintext     0000
__Lpowerup               powerup      0000
__Lram                   ram          0000
__Lreset_vec             reset_vec    0000
__Lsfr0                  sfr0         0000
__Lsfr1                  sfr1         0000
__Lsfr2                  sfr2         0000
__Lsfr3                  sfr3         0000
__Lspace_0               (abs)        0000
__Lspace_1               (abs)        0000
__Lspace_2               (abs)        0000
__Lspace_3               (abs)        0000
__Lspace_4               (abs)        0000
__Lstack                 stack        0000
__Lstrings               strings      0000
__Lstringtext            stringtext   0000
__Ltext                  text         0000
__S0                     (abs)        2000
__S1                     (abs)        00EF
__S2                     (abs)        0000
__S3                     (abs)        0000
__Umul8_16               text10       07D6
__Umul8_16@multiplicand  cstackCOMMON 0072
__Umul8_16@multiplier    cstackBANK0  0024
__Umul8_16@product       cstackBANK0  0020
__Umul8_16@word_mpld     cstackBANK0  0022
___awdiv                 text4        1D41
___awdiv@counter         cstackBANK0  0024
___awdiv@dividend        cstackBANK0  0022
___awdiv@divisor         cstackBANK0  0020
___awdiv@quotient        cstackBANK0  0026
___awdiv@sign            cstackBANK0  0025
___awmod                 text3        1C80
___awmod@counter         cstackCOMMON 0077
___awmod@dividend        cstackCOMMON 0074
___awmod@divisor         cstackCOMMON 0072
___awmod@sign            cstackCOMMON 0078
___fladd                 text19       12E5
___fladd@a               cstackBANK0  005A
___fladd@aexp            cstackBANK0  0067
___fladd@b               cstackBANK0  0056
___fladd@bexp            cstackBANK0  0068
___fladd@grs             cstackBANK0  0069
___fladd@signs           cstackBANK0  0066
___fleq                  text22       1B8A
___fleq@ff1              cstackCOMMON 0072
___fleq@ff2              cstackCOMMON 0076
___flge                  text21       1EA0
___flge@ff1              cstackCOMMON 0072
___flge@ff2              cstackCOMMON 0076
___flmul                 text9        03B7
___flmul@a               cstackBANK0  002C
___flmul@aexp            cstackBANK0  0036
___flmul@b               cstackBANK0  0028
___flmul@bexp            cstackBANK0  003B
___flmul@grs             cstackBANK0  0037
___flmul@prod            cstackBANK0  003C
___flmul@sign            cstackBANK0  0035
___flmul@temp            cstackBANK0  0040
___flneg                 text20       1A15
___flneg@f1              cstackCOMMON 0072
___flsub                 text18       1BDA
___flsub@a               cstackBANK1  00A0
___flsub@b               cstackBANK1  00A4
___fltol                 text17       1E24
___fltol@exp1            cstackBANK0  005F
___fltol@f1              cstackBANK0  0055
___fltol@sign1           cstackBANK0  005E
___int_sp                stack        0000
___latbits               (abs)        0002
___lldiv                 text16       1CD9
___lldiv@counter         cstackBANK0  0025
___lldiv@dividend        cstackCOMMON 0076
___lldiv@divisor         cstackCOMMON 0072
___lldiv@quotient        cstackBANK0  0021
___llmod                 text15       1C2A
___llmod@counter         cstackBANK0  0021
___llmod@dividend        cstackCOMMON 0076
___llmod@divisor         cstackCOMMON 0072
___lwdiv                 text8        1B44
___lwdiv@counter         cstackBANK0  0024
___lwdiv@dividend        cstackBANK0  0022
___lwdiv@divisor         cstackBANK0  0020
___lwdiv@quotient        cstackBANK0  0025
___lwmod                 text7        1B0A
___lwmod@counter         cstackCOMMON 0077
___lwmod@dividend        cstackCOMMON 0074
___lwmod@divisor         cstackCOMMON 0072
___sp                    stack        0000
___stackhi               (abs)        0000
___stacklo               (abs)        0000
___wmul                  text14       1A92
___wmul@multiplicand     cstackCOMMON 0074
___wmul@multiplier       cstackCOMMON 0072
___wmul@product          cstackCOMMON 0076
___xxtofl                text13       1F44
___xxtofl@arg            cstackBANK0  0022
___xxtofl@exp            cstackBANK0  0021
___xxtofl@sign           cstackBANK0  0020
___xxtofl@val            cstackCOMMON 0072
__div_to_l_              text12       0718
__div_to_l_@cntr         cstackBANK0  0025
__div_to_l_@exp1         cstackBANK0  0026
__div_to_l_@f1           cstackCOMMON 0072
__div_to_l_@f2           cstackCOMMON 0076
__div_to_l_@quot         cstackBANK0  0021
__end_of_LCD_8Cadena     text30       1B0A
__end_of_LCD_8Data       text31       1A92
__end_of_LCD_8XY         text28       1A5D
__end_of_LCD_8_comando   text29       1A75
__end_of_LCD_Init8       text27       1E24
__end_of_USART_Cadena    text25       1ADD
__end_of_USART_Init      text24       1A47
__end_of_USART_Rx        text23       1A06
__end_of_USART_Tx        text26       080F
__end_of__Umul8_16       text10       07FF
__end_of___awdiv         text4        1DAA
__end_of___awmod         text3        1CD9
__end_of___fladd         text19       156D
__end_of___fleq          text22       1BDA
__end_of___flge          text21       1F44
__end_of___flmul         text9        0718
__end_of___flneg         text20       1A20
__end_of___flsub         text18       1C2A
__end_of___fltol         text17       1EA0
__end_of___lldiv         text16       1D41
__end_of___llmod         text15       1C80
__end_of___lwdiv         text8        1B8A
__end_of___lwmod         text7        1B44
__end_of___wmul          text14       1AB7
__end_of___xxtofl        text13       2000
__end_of__div_to_l_      text12       07D6
__end_of__initialization cinit        001A
__end_of__npowers_       stringtext   187A
__end_of__powers_        stringtext   1846
__end_of__stringtab      stringtext   1812
__end_of__tdiv_to_l_     text11       10C0
__end_of_dpowers         stringtext   18A2
__end_of_fround          text6        12E5
__end_of_isdigit         text5        1A32
__end_of_isr             text32       1A0D
__end_of_main            maintext     1800
__end_of_scale           text2        03B7
__end_of_sprintf         text1        1000
__initialization         cinit        000F
__npowers_               stringtext   1846
__pbssBANK1              bssBANK1     00CC
__pbssCOMMON             bssCOMMON    007A
__pcstackBANK0           cstackBANK0  0020
__pcstackBANK1           cstackBANK1  00A0
__pcstackCOMMON          cstackCOMMON 0070
__pintentry              intentry     0004
__pmaintext              maintext     156D
__powers_                stringtext   1812
__pstringtext            stringtext   1800
__ptext1                 text1        080F
__ptext10                text10       07D6
__ptext11                text11       1003
__ptext12                text12       0718
__ptext13                text13       1F44
__ptext14                text14       1A92
__ptext15                text15       1C2A
__ptext16                text16       1CD9
__ptext17                text17       1E24
__ptext18                text18       1BDA
__ptext19                text19       12E5
__ptext2                 text2        001E
__ptext20                text20       1A15
__ptext21                text21       1EA0
__ptext22                text22       1B8A
__ptext23                text23       1A02
__ptext24                text24       1A32
__ptext25                text25       1AB7
__ptext26                text26       0803
__ptext27                text27       1DAA
__ptext28                text28       1A47
__ptext29                text29       1A5D
__ptext3                 text3        1C80
__ptext30                text30       1ADD
__ptext31                text31       1A75
__ptext32                text32       1A06
__ptext4                 text4        1D41
__ptext5                 text5        1A20
__ptext6                 text6        10C0
__ptext7                 text7        1B0A
__ptext8                 text8        1B44
__ptext9                 text9        03B7
__size_of_LCD_8Cadena    (abs)        0000
__size_of_LCD_8Data      (abs)        0000
__size_of_LCD_8XY        (abs)        0000
__size_of_LCD_8_comando  (abs)        0000
__size_of_LCD_Init8      (abs)        0000
__size_of_USART_Cadena   (abs)        0000
__size_of_USART_Init     (abs)        0000
__size_of_USART_Rx       (abs)        0000
__size_of_USART_Tx       (abs)        0000
__size_of__Umul8_16      (abs)        0000
__size_of___awdiv        (abs)        0000
__size_of___awmod        (abs)        0000
__size_of___fladd        (abs)        0000
__size_of___fleq         (abs)        0000
__size_of___flge         (abs)        0000
__size_of___flmul        (abs)        0000
__size_of___flneg        (abs)        0000
__size_of___flsub        (abs)        0000
__size_of___fltol        (abs)        0000
__size_of___lldiv        (abs)        0000
__size_of___llmod        (abs)        0000
__size_of___lwdiv        (abs)        0000
__size_of___lwmod        (abs)        0000
__size_of___wmul         (abs)        0000
__size_of___xxtofl       (abs)        0000
__size_of__div_to_l_     (abs)        0000
__size_of__tdiv_to_l_    (abs)        0000
__size_of_fround         (abs)        0000
__size_of_isdigit        (abs)        0000
__size_of_isr            (abs)        0000
__size_of_main           (abs)        0000
__size_of_scale          (abs)        0000
__size_of_sprintf        (abs)        0000
__stringbase             stringtext   1812
__stringtab              stringtext   1800
__tdiv_to_l_             text11       1003
__tdiv_to_l_@cntr        cstackBANK0  0028
__tdiv_to_l_@exp1        cstackBANK0  0029
__tdiv_to_l_@f1          cstackCOMMON 0072
__tdiv_to_l_@f2          cstackCOMMON 0076
__tdiv_to_l_@quot        cstackBANK0  0024
_comp1                   bssBANK1     00DA
_comp2                   bssBANK1     00D9
_data_mayor              bssCOMMON    007B
_data_menor              bssCOMMON    007A
_dato1                   bssBANK1     00DC
_dato2                   bssBANK1     00DB
_dpowers                 stringtext   187A
_fround                  text6        10C0
_fround$1180             cstackBANK0  0051
_fround$1181             cstackBANK0  004D
_ingreso                 bssBANK1     00D8
_isdigit                 text5        1A20
_isdigit$994             cstackCOMMON 0072
_isr                     text32       1A06
_main                    maintext     156D
_scale                   text2        001E
_scale$1182              cstackBANK0  0050
_sprintf                 text1        080F
_sprintf$1183            cstackBANK1  00AD
_valor1                  bssBANK1     00E9
_valor2                  bssBANK1     00E3
_valor3                  bssBANK1     00DD
_voltaje1                bssBANK1     00D4
_voltaje2                bssBANK1     00D0
_voltaje3                bssBANK1     00CC
btemp                    (abs)        007E
clear_ram0               clrtext      1A0D
end_of_initialization    cinit        001A
fround@prec              cstackBANK0  0055
interrupt_function       intentry     0004
intlevel0                functab      0000
intlevel1                functab      0000
intlevel2                functab      0000
intlevel3                functab      0000
intlevel4                functab      0000
intlevel5                functab      0000
isdigit@c                cstackCOMMON 0073
reset_vec                reset_vec    0000
saved_w                  (abs)        007E
scale@scl                cstackBANK0  0054
sprintf@ap               cstackBANK1  00B1
sprintf@c                cstackBANK1  00C7
sprintf@eexp             cstackBANK1  00BE
sprintf@f                cstackBANK0  006A
sprintf@flag             cstackBANK1  00B6
sprintf@fval             cstackBANK1  00C0
sprintf@prec             cstackBANK1  00C5
sprintf@sp               cstackBANK1  00C4
sprintf@tmpval           cstackBANK1  00BA
sprintf@val              cstackBANK1  00B2
sprintf@width            cstackBANK1  00B8
start                    init         000C
start_initialization     cinit        000F
wtemp0                   (abs)        007E


FUNCTION INFORMATION:

 *************** function _main *****************
 Defined at:
		line 65 in file "Lab_2/Lab_2.c"
 Parameters:    Size  Location     Type
		None
 Auto vars:     Size  Location     Type
		None
 Return value:  Size  Location     Type
                  1    wreg      void 
 Registers used:
		wreg, fsr0l, fsr0h, status,2, status,0, btemp+1, pclath, cstack
 Tracked objects:
		On entry : 
		On exit  : 
		Unchanged: 
 Data sizes:     COMMON   BANK0   BANK1   BANK3   BANK2
      Params:         0       0       0       0       0
      Locals:         0       0       0       0       0
      Temps:          0       0       4       0       0
      Totals:         0       0       4       0       0
Total ram usage:        4 bytes
 Hardware stack levels required when called:    5
 This function calls:
		_LCD_8Cadena
		_LCD_8XY
		_LCD_Init8
		_USART_Cadena
		_USART_Init
		_USART_Rx
		___flmul
		___xxtofl
		_sprintf
 This function is called by:
		Startup code after reset
 This function uses a non-reentrant model


 *************** function _sprintf *****************
 Defined at:
		line 505 in file "C:\Program Files\Microchip\xc8\v2.31\pic\sources\c90\common\doprnt.c"
 Parameters:    Size  Location     Type
  sp              1    wreg     PTR unsigned char 
		 -> valor3(6), valor2(6), valor1(6), 
  f               2   74[BANK0 ] PTR const unsigned char 
		 -> STR_3(7), STR_2(7), STR_1(7), 
 Auto vars:     Size  Location     Type
  sp              1   36[BANK1 ] PTR unsigned char 
		 -> valor3(6), valor2(6), valor1(6), 
  fval            4   32[BANK1 ] PTR unsigned char 
  tmpval          4   26[BANK1 ] struct .
  val             4   18[BANK1 ] unsigned long 
  prec            2   37[BANK1 ] int 
  eexp            2   30[BANK1 ] int 
  width           2   24[BANK1 ] int 
  flag            2   22[BANK1 ] unsigned short 
  cp              2    0        PTR const unsigned char 
  len             2    0        unsigned int 
  c               1   39[BANK1 ] unsigned char 
  ap              1   17[BANK1 ] PTR void [1]
		 -> ?_sprintf(2), 
  d               1    0        unsigned char 
 Return value:  Size  Location     Type
                  2   74[BANK0 ] int 
 Registers used:
		wreg, fsr0l, fsr0h, status,2, status,0, btemp+1, pclath, cstack
 Tracked objects:
		On entry : 
		On exit  : 
		Unchanged: 
 Data sizes:     COMMON   BANK0   BANK1   BANK3   BANK2
      Params:         0       6       0       0       0
      Locals:         0       0      27       0       0
      Temps:          0       0       5       0       0
      Totals:         0       6      32       0       0
Total ram usage:       38 bytes
 Hardware stack levels used:    1
 Hardware stack levels required when called:    4
 This function calls:
		___awdiv
		___fladd
		___fleq
		___flge
		___flmul
		___flneg
		___flsub
		___fltol
		___lldiv
		___llmod
		___wmul
		___xxtofl
		__div_to_l_
		__tdiv_to_l_
		_fround
		_isdigit
		_scale
 This function is called by:
		_main
 This function uses a non-reentrant model


 *************** function _scale *****************
 Defined at:
		line 433 in file "C:\Program Files\Microchip\xc8\v2.31\pic\sources\c90\common\doprnt.c"
 Parameters:    Size  Location     Type
  scl             1    wreg     char 
 Auto vars:     Size  Location     Type
  scl             1   52[BANK0 ] char 
 Return value:  Size  Location     Type
                  4   34[BANK0 ] char 
 Registers used:
		wreg, fsr0l, fsr0h, status,2, status,0, btemp+1, pclath, cstack
 Tracked objects:
		On entry : 
		On exit  : 
		Unchanged: 
 Data sizes:     COMMON   BANK0   BANK1   BANK3   BANK2
      Params:         0       4       0       0       0
      Locals:         0       5       0       0       0
      Temps:          0      10       0       0       0
      Totals:         0      19       0       0       0
Total ram usage:       19 bytes
 Hardware stack levels used:    1
 Hardware stack levels required when called:    3
 This function calls:
		___awdiv
		___awmod
		___flmul
 This function is called by:
		_sprintf
 This function uses a non-reentrant model


 *************** function ___awmod *****************
 Defined at:
		line 5 in file "C:\Program Files\Microchip\xc8\v2.31\pic\sources\c90\common\awmod.c"
 Parameters:    Size  Location     Type
  divisor         2    2[COMMON] int 
  dividend        2    4[COMMON] int 
 Auto vars:     Size  Location     Type
  sign            1    8[COMMON] unsigned char 
  counter         1    7[COMMON] unsigned char 
 Return value:  Size  Location     Type
                  2    2[COMMON] int 
 Registers used:
		wreg, status,2, status,0
 Tracked objects:
		On entry : 
		On exit  : 
		Unchanged: 
 Data sizes:     COMMON   BANK0   BANK1   BANK3   BANK2
      Params:         4       0       0       0       0
      Locals:         2       0       0       0       0
      Temps:          1       0       0       0       0
      Totals:         7       0       0       0       0
Total ram usage:        7 bytes
 Hardware stack levels used:    1
 Hardware stack levels required when called:    1
 This function calls:
		Nothing
 This function is called by:
		_scale
 This function uses a non-reentrant model


 *************** function ___awdiv *****************
 Defined at:
		line 5 in file "C:\Program Files\Microchip\xc8\v2.31\pic\sources\c90\common\awdiv.c"
 Parameters:    Size  Location     Type
  divisor         2    0[BANK0 ] int 
  dividend        2    2[BANK0 ] int 
 Auto vars:     Size  Location     Type
  quotient        2    6[BANK0 ] int 
  sign            1    5[BANK0 ] unsigned char 
  counter         1    4[BANK0 ] unsigned char 
 Return value:  Size  Location     Type
                  2    0[BANK0 ] int 
 Registers used:
		wreg, status,2, status,0
 Tracked objects:
		On entry : 
		On exit  : 
		Unchanged: 
 Data sizes:     COMMON   BANK0   BANK1   BANK3   BANK2
      Params:         0       4       0       0       0
      Locals:         0       4       0       0       0
      Temps:          1       0       0       0       0
      Totals:         1       8       0       0       0
Total ram usage:        9 bytes
 Hardware stack levels used:    1
 Hardware stack levels required when called:    1
 This function calls:
		Nothing
 This function is called by:
		_scale
		_sprintf
		_hex_menor
 This function uses a non-reentrant model


 *************** function _isdigit *****************
 Defined at:
		line 8 in file "C:\Program Files\Microchip\xc8\v2.31\pic\sources\c90\common\isdigit.c"
 Parameters:    Size  Location     Type
  c               1    wreg     unsigned char 
 Auto vars:     Size  Location     Type
  c               1    3[COMMON] unsigned char 
 Return value:  Size  Location     Type
		None               void
 Registers used:
		wreg, status,2, status,0
 Tracked objects:
		On entry : 
		On exit  : 
		Unchanged: 
 Data sizes:     COMMON   BANK0   BANK1   BANK3   BANK2
      Params:         0       0       0       0       0
      Locals:         2       0       0       0       0
      Temps:          0       0       0       0       0
      Totals:         2       0       0       0       0
Total ram usage:        2 bytes
 Hardware stack levels used:    1
 Hardware stack levels required when called:    1
 This function calls:
		Nothing
 This function is called by:
		_sprintf
 This function uses a non-reentrant model


 *************** function _fround *****************
 Defined at:
		line 417 in file "C:\Program Files\Microchip\xc8\v2.31\pic\sources\c90\common\doprnt.c"
 Parameters:    Size  Location     Type
  prec            1    wreg     unsigned char 
 Auto vars:     Size  Location     Type
  prec            1   53[BANK0 ] unsigned char 
 Return value:  Size  Location     Type
                  4   34[BANK0 ] unsigned char 
 Registers used:
		wreg, fsr0l, fsr0h, status,2, status,0, btemp+1, pclath, cstack
 Tracked objects:
		On entry : 
		On exit  : 
		Unchanged: 
 Data sizes:     COMMON   BANK0   BANK1   BANK3   BANK2
      Params:         0       4       0       0       0
      Locals:         0       9       0       0       0
      Temps:          0       7       0       0       0
      Totals:         0      20       0       0       0
Total ram usage:       20 bytes
 Hardware stack levels used:    1
 Hardware stack levels required when called:    3
 This function calls:
		___flmul
		___lwdiv
		___lwmod
 This function is called by:
		_sprintf
 This function uses a non-reentrant model


 *************** function ___lwmod *****************
 Defined at:
		line 5 in file "C:\Program Files\Microchip\xc8\v2.31\pic\sources\c90\common\lwmod.c"
 Parameters:    Size  Location     Type
  divisor         2    2[COMMON] unsigned int 
  dividend        2    4[COMMON] unsigned int 
 Auto vars:     Size  Location     Type
  counter         1    7[COMMON] unsigned char 
 Return value:  Size  Location     Type
                  2    2[COMMON] unsigned int 
 Registers used:
		wreg, status,2, status,0
 Tracked objects:
		On entry : 
		On exit  : 
		Unchanged: 
 Data sizes:     COMMON   BANK0   BANK1   BANK3   BANK2
      Params:         4       0       0       0       0
      Locals:         1       0       0       0       0
      Temps:          1       0       0       0       0
      Totals:         6       0       0       0       0
Total ram usage:        6 bytes
 Hardware stack levels used:    1
 Hardware stack levels required when called:    1
 This function calls:
		Nothing
 This function is called by:
		_fround
 This function uses a non-reentrant model


 *************** function ___lwdiv *****************
 Defined at:
		line 5 in file "C:\Program Files\Microchip\xc8\v2.31\pic\sources\c90\common\lwdiv.c"
 Parameters:    Size  Location     Type
  divisor         2    0[BANK0 ] unsigned int 
  dividend        2    2[BANK0 ] unsigned int 
 Auto vars:     Size  Location     Type
  quotient        2    5[BANK0 ] unsigned int 
  counter         1    4[BANK0 ] unsigned char 
 Return value:  Size  Location     Type
                  2    0[BANK0 ] unsigned int 
 Registers used:
		wreg, status,2, status,0
 Tracked objects:
		On entry : 
		On exit  : 
		Unchanged: 
 Data sizes:     COMMON   BANK0   BANK1   BANK3   BANK2
      Params:         0       4       0       0       0
      Locals:         0       3       0       0       0
      Temps:          1       0       0       0       0
      Totals:         1       7       0       0       0
Total ram usage:        8 bytes
 Hardware stack levels used:    1
 Hardware stack levels required when called:    1
 This function calls:
		Nothing
 This function is called by:
		_fround
 This function uses a non-reentrant model


 *************** function ___flmul *****************
 Defined at:
		line 8 in file "C:\Program Files\Microchip\xc8\v2.31\pic\sources\c90\common\sprcmul.c"
 Parameters:    Size  Location     Type
  b               4    8[BANK0 ] unsigned int 
  a               4   12[BANK0 ] unsigned int 
 Auto vars:     Size  Location     Type
  prod            4   28[BANK0 ] struct .
  grs             4   23[BANK0 ] unsigned long 
  temp            2   32[BANK0 ] struct .
  bexp            1   27[BANK0 ] unsigned char 
  aexp            1   22[BANK0 ] unsigned char 
  sign            1   21[BANK0 ] unsigned char 
 Return value:  Size  Location     Type
                  4    8[BANK0 ] unsigned char 
 Registers used:
		wreg, status,2, status,0, btemp+1, pclath, cstack
 Tracked objects:
		On entry : 
		On exit  : 
		Unchanged: 
 Data sizes:     COMMON   BANK0   BANK1   BANK3   BANK2
      Params:         0       8       0       0       0
      Locals:         0      13       0       0       0
      Temps:          0       5       0       0       0
      Totals:         0      26       0       0       0
Total ram usage:       26 bytes
 Hardware stack levels used:    1
 Hardware stack levels required when called:    2
 This function calls:
		__Umul8_16
 This function is called by:
		_main
		_fround
		_scale
		_sprintf
 This function uses a non-reentrant model


 *************** function __Umul8_16 *****************
 Defined at:
		line 4 in file "C:\Program Files\Microchip\xc8\v2.31\pic\sources\c90\common\Umul8_16.c"
 Parameters:    Size  Location     Type
  multiplier      1    wreg     unsigned char 
  multiplicand    1    2[COMMON] unsigned char 
 Auto vars:     Size  Location     Type
  multiplier      1    4[BANK0 ] unsigned char 
  word_mpld       2    2[BANK0 ] unsigned int 
  product         2    0[BANK0 ] unsigned int 
 Return value:  Size  Location     Type
                  2    2[COMMON] unsigned int 
 Registers used:
		wreg, status,2, status,0
 Tracked objects:
		On entry : 
		On exit  : 
		Unchanged: 
 Data sizes:     COMMON   BANK0   BANK1   BANK3   BANK2
      Params:         2       0       0       0       0
      Locals:         0       5       0       0       0
      Temps:          2       0       0       0       0
      Totals:         4       5       0       0       0
Total ram usage:        9 bytes
 Hardware stack levels used:    1
 Hardware stack levels required when called:    1
 This function calls:
		Nothing
 This function is called by:
		___flmul
 This function uses a non-reentrant model


 *************** function __tdiv_to_l_ *****************
 Defined at:
		line 60 in file "C:\Program Files\Microchip\xc8\v2.31\pic\sources\c90\common\ftdivl.c"
 Parameters:    Size  Location     Type
  f1              4    2[COMMON] float 
  f2              4    6[COMMON] float 
 Auto vars:     Size  Location     Type
  quot            4    4[BANK0 ] unsigned long 
  exp1            1    9[BANK0 ] unsigned char 
  cntr            1    8[BANK0 ] unsigned char 
 Return value:  Size  Location     Type
                  4    2[COMMON] unsigned long 
 Registers used:
		wreg, status,2, status,0
 Tracked objects:
		On entry : 
		On exit  : 
		Unchanged: 
 Data sizes:     COMMON   BANK0   BANK1   BANK3   BANK2
      Params:         8       0       0       0       0
      Locals:         0       6       0       0       0
      Temps:          0       4       0       0       0
      Totals:         8      10       0       0       0
Total ram usage:       18 bytes
 Hardware stack levels used:    1
 Hardware stack levels required when called:    1
 This function calls:
		Nothing
 This function is called by:
		_sprintf
 This function uses a non-reentrant model


 *************** function __div_to_l_ *****************
 Defined at:
		line 60 in file "C:\Program Files\Microchip\xc8\v2.31\pic\sources\c90\common\fldivl.c"
 Parameters:    Size  Location     Type
  f1              4    2[COMMON] unsigned long 
  f2              4    6[COMMON] unsigned long 
 Auto vars:     Size  Location     Type
  quot            4    1[BANK0 ] unsigned long 
  exp1            1    6[BANK0 ] unsigned char 
  cntr            1    5[BANK0 ] unsigned char 
 Return value:  Size  Location     Type
                  4    2[COMMON] unsigned long 
 Registers used:
		wreg, status,2, status,0
 Tracked objects:
		On entry : 
		On exit  : 
		Unchanged: 
 Data sizes:     COMMON   BANK0   BANK1   BANK3   BANK2
      Params:         8       0       0       0       0
      Locals:         0       6       0       0       0
      Temps:          0       1       0       0       0
      Totals:         8       7       0       0       0
Total ram usage:       15 bytes
 Hardware stack levels used:    1
 Hardware stack levels required when called:    1
 This function calls:
		Nothing
 This function is called by:
		_sprintf
 This function uses a non-reentrant model


 *************** function ___xxtofl *****************
 Defined at:
		line 10 in file "C:\Program Files\Microchip\xc8\v2.31\pic\sources\c90\common\xxtofl.c"
 Parameters:    Size  Location     Type
  sign            1    wreg     unsigned char 
  val             4    2[COMMON] long 
 Auto vars:     Size  Location     Type
  sign            1    0[BANK0 ] unsigned char 
  arg             4    2[BANK0 ] unsigned long 
  exp             1    1[BANK0 ] unsigned char 
 Return value:  Size  Location     Type
                  4    2[COMMON] unsigned char 
 Registers used:
		wreg, status,2, status,0
 Tracked objects:
		On entry : 
		On exit  : 
		Unchanged: 
 Data sizes:     COMMON   BANK0   BANK1   BANK3   BANK2
      Params:         4       0       0       0       0
      Locals:         0       6       0       0       0
      Temps:          4       0       0       0       0
      Totals:         8       6       0       0       0
Total ram usage:       14 bytes
 Hardware stack levels used:    1
 Hardware stack levels required when called:    1
 This function calls:
		Nothing
 This function is called by:
		_main
		_sprintf
 This function uses a non-reentrant model


 *************** function ___wmul *****************
 Defined at:
		line 15 in file "C:\Program Files\Microchip\xc8\v2.31\pic\sources\c90\common\Umul16.c"
 Parameters:    Size  Location     Type
  multiplier      2    2[COMMON] unsigned int 
  multiplicand    2    4[COMMON] unsigned int 
 Auto vars:     Size  Location     Type
  product         2    6[COMMON] unsigned int 
 Return value:  Size  Location     Type
                  2    2[COMMON] unsigned int 
 Registers used:
		wreg, status,2, status,0
 Tracked objects:
		On entry : 
		On exit  : 
		Unchanged: 
 Data sizes:     COMMON   BANK0   BANK1   BANK3   BANK2
      Params:         4       0       0       0       0
      Locals:         2       0       0       0       0
      Temps:          0       0       0       0       0
      Totals:         6       0       0       0       0
Total ram usage:        6 bytes
 Hardware stack levels used:    1
 Hardware stack levels required when called:    1
 This function calls:
		Nothing
 This function is called by:
		_sprintf
 This function uses a non-reentrant model


 *************** function ___llmod *****************
 Defined at:
		line 5 in file "C:\Program Files\Microchip\xc8\v2.31\pic\sources\c90\common\llmod.c"
 Parameters:    Size  Location     Type
  divisor         4    2[COMMON] unsigned long 
  dividend        4    6[COMMON] unsigned long 
 Auto vars:     Size  Location     Type
  counter         1    1[BANK0 ] unsigned char 
 Return value:  Size  Location     Type
                  4    2[COMMON] unsigned long 
 Registers used:
		wreg, status,2, status,0
 Tracked objects:
		On entry : 
		On exit  : 
		Unchanged: 
 Data sizes:     COMMON   BANK0   BANK1   BANK3   BANK2
      Params:         8       0       0       0       0
      Locals:         0       1       0       0       0
      Temps:          0       1       0       0       0
      Totals:         8       2       0       0       0
Total ram usage:       10 bytes
 Hardware stack levels used:    1
 Hardware stack levels required when called:    1
 This function calls:
		Nothing
 This function is called by:
		_sprintf
 This function uses a non-reentrant model


 *************** function ___lldiv *****************
 Defined at:
		line 5 in file "C:\Program Files\Microchip\xc8\v2.31\pic\sources\c90\common\__lldiv.c"
 Parameters:    Size  Location     Type
  divisor         4    2[COMMON] unsigned long 
  dividend        4    6[COMMON] unsigned long 
 Auto vars:     Size  Location     Type
  quotient        4    1[BANK0 ] unsigned long 
  counter         1    5[BANK0 ] unsigned char 
 Return value:  Size  Location     Type
                  4    2[COMMON] unsigned long 
 Registers used:
		wreg, status,2, status,0
 Tracked objects:
		On entry : 
		On exit  : 
		Unchanged: 
 Data sizes:     COMMON   BANK0   BANK1   BANK3   BANK2
      Params:         8       0       0       0       0
      Locals:         0       5       0       0       0
      Temps:          0       1       0       0       0
      Totals:         8       6       0       0       0
Total ram usage:       14 bytes
 Hardware stack levels used:    1
 Hardware stack levels required when called:    1
 This function calls:
		Nothing
 This function is called by:
		_sprintf
 This function uses a non-reentrant model


 *************** function ___fltol *****************
 Defined at:
		line 43 in file "C:\Program Files\Microchip\xc8\v2.31\pic\sources\c90\common\fltol.c"
 Parameters:    Size  Location     Type
  f1              4   53[BANK0 ] unsigned long 
 Auto vars:     Size  Location     Type
  exp1            1   63[BANK0 ] unsigned char 
  sign1           1   62[BANK0 ] unsigned char 
 Return value:  Size  Location     Type
                  4   53[BANK0 ] long 
 Registers used:
		wreg, status,2, status,0
 Tracked objects:
		On entry : 
		On exit  : 
		Unchanged: 
 Data sizes:     COMMON   BANK0   BANK1   BANK3   BANK2
      Params:         0       4       0       0       0
      Locals:         0       2       0       0       0
      Temps:          0       5       0       0       0
      Totals:         0      11       0       0       0
Total ram usage:       11 bytes
 Hardware stack levels used:    1
 Hardware stack levels required when called:    1
 This function calls:
		Nothing
 This function is called by:
		_sprintf
 This function uses a non-reentrant model


 *************** function ___flsub *****************
 Defined at:
		line 242 in file "C:\Program Files\Microchip\xc8\v2.31\pic\sources\c90\common\sprcadd.c"
 Parameters:    Size  Location     Type
  a               4    0[BANK1 ] long 
  b               4    4[BANK1 ] long 
 Auto vars:     Size  Location     Type
		None
 Return value:  Size  Location     Type
                  4    0[BANK1 ] long 
 Registers used:
		wreg, status,2, status,0, btemp+1, pclath, cstack
 Tracked objects:
		On entry : 
		On exit  : 
		Unchanged: 
 Data sizes:     COMMON   BANK0   BANK1   BANK3   BANK2
      Params:         0       0       8       0       0
      Locals:         0       0       0       0       0
      Temps:          0       0       0       0       0
      Totals:         0       0       8       0       0
Total ram usage:        8 bytes
 Hardware stack levels used:    1
 Hardware stack levels required when called:    2
 This function calls:
		___fladd
 This function is called by:
		_sprintf
 This function uses a non-reentrant model


 *************** function ___fladd *****************
 Defined at:
		line 10 in file "C:\Program Files\Microchip\xc8\v2.31\pic\sources\c90\common\sprcadd.c"
 Parameters:    Size  Location     Type
  b               4   54[BANK0 ] long 
  a               4   58[BANK0 ] long 
 Auto vars:     Size  Location     Type
  grs             1   73[BANK0 ] unsigned char 
  bexp            1   72[BANK0 ] unsigned char 
  aexp            1   71[BANK0 ] unsigned char 
  signs           1   70[BANK0 ] unsigned char 
 Return value:  Size  Location     Type
                  4   54[BANK0 ] unsigned char 
 Registers used:
		wreg, status,2, status,0, btemp+1
 Tracked objects:
		On entry : 
		On exit  : 
		Unchanged: 
 Data sizes:     COMMON   BANK0   BANK1   BANK3   BANK2
      Params:         0       8       0       0       0
      Locals:         0       4       0       0       0
      Temps:          0       8       0       0       0
      Totals:         0      20       0       0       0
Total ram usage:       20 bytes
 Hardware stack levels used:    1
 Hardware stack levels required when called:    1
 This function calls:
		Nothing
 This function is called by:
		_sprintf
		___flsub
 This function uses a non-reentrant model


 *************** function ___flneg *****************
 Defined at:
		line 15 in file "C:\Program Files\Microchip\xc8\v2.31\pic\sources\c90\common\flneg.c"
 Parameters:    Size  Location     Type
  f1              4    2[COMMON] unsigned char 
 Auto vars:     Size  Location     Type
		None
 Return value:  Size  Location     Type
                  4    2[COMMON] unsigned char 
 Registers used:
		wreg
 Tracked objects:
		On entry : 
		On exit  : 
		Unchanged: 
 Data sizes:     COMMON   BANK0   BANK1   BANK3   BANK2
      Params:         4       0       0       0       0
      Locals:         0       0       0       0       0
      Temps:          0       0       0       0       0
      Totals:         4       0       0       0       0
Total ram usage:        4 bytes
 Hardware stack levels used:    1
 Hardware stack levels required when called:    1
 This function calls:
		Nothing
 This function is called by:
		_sprintf
 This function uses a non-reentrant model


 *************** function ___flge *****************
 Defined at:
		line 4 in file "C:\Program Files\Microchip\xc8\v2.31\pic\sources\c90\common\flge.c"
 Parameters:    Size  Location     Type
  ff1             4    2[COMMON] unsigned char 
  ff2             4    6[COMMON] unsigned char 
 Auto vars:     Size  Location     Type
		None
 Return value:  Size  Location     Type
		None               void
 Registers used:
		wreg, status,2, status,0
 Tracked objects:
		On entry : 
		On exit  : 
		Unchanged: 
 Data sizes:     COMMON   BANK0   BANK1   BANK3   BANK2
      Params:         8       0       0       0       0
      Locals:         0       0       0       0       0
      Temps:          0       4       0       0       0
      Totals:         8       4       0       0       0
Total ram usage:       12 bytes
 Hardware stack levels used:    1
 Hardware stack levels required when called:    1
 This function calls:
		Nothing
 This function is called by:
		_sprintf
 This function uses a non-reentrant model


 *************** function ___fleq *****************
 Defined at:
		line 4 in file "C:\Program Files\Microchip\xc8\v2.31\pic\sources\c90\common\fleq.c"
 Parameters:    Size  Location     Type
  ff1             4    2[COMMON] unsigned char 
  ff2             4    6[COMMON] unsigned char 
 Auto vars:     Size  Location     Type
		None
 Return value:  Size  Location     Type
		None               void
 Registers used:
		wreg, status,2, status,0
 Tracked objects:
		On entry : 
		On exit  : 
		Unchanged: 
 Data sizes:     COMMON   BANK0   BANK1   BANK3   BANK2
      Params:         8       0       0       0       0
      Locals:         0       0       0       0       0
      Temps:          0       4       0       0       0
      Totals:         8       4       0       0       0
Total ram usage:       12 bytes
 Hardware stack levels used:    1
 Hardware stack levels required when called:    1
 This function calls:
		Nothing
 This function is called by:
		_sprintf
 This function uses a non-reentrant model


 *************** function _USART_Rx *****************
 Defined at:
		line 25 in file "Lab_2/USART.c"
 Parameters:    Size  Location     Type
		None
 Auto vars:     Size  Location     Type
		None
 Return value:  Size  Location     Type
                  1    wreg      unsigned char 
 Registers used:
		wreg
 Tracked objects:
		On entry : 
		On exit  : 
		Unchanged: 
 Data sizes:     COMMON   BANK0   BANK1   BANK3   BANK2
      Params:         0       0       0       0       0
      Locals:         0       0       0       0       0
      Temps:          0       0       0       0       0
      Totals:         0       0       0       0       0
Total ram usage:        0 bytes
 Hardware stack levels used:    1
 Hardware stack levels required when called:    1
 This function calls:
		Nothing
 This function is called by:
		_main
 This function uses a non-reentrant model


 *************** function _USART_Init *****************
 Defined at:
		line 4 in file "Lab_2/USART.c"
 Parameters:    Size  Location     Type
		None
 Auto vars:     Size  Location     Type
		None
 Return value:  Size  Location     Type
                  1    wreg      void 
 Registers used:
		wreg, status,2
 Tracked objects:
		On entry : 
		On exit  : 
		Unchanged: 
 Data sizes:     COMMON   BANK0   BANK1   BANK3   BANK2
      Params:         0       0       0       0       0
      Locals:         0       0       0       0       0
      Temps:          0       0       0       0       0
      Totals:         0       0       0       0       0
Total ram usage:        0 bytes
 Hardware stack levels used:    1
 Hardware stack levels required when called:    1
 This function calls:
		Nothing
 This function is called by:
		_main
 This function uses a non-reentrant model


 *************** function _USART_Cadena *****************
 Defined at:
		line 29 in file "Lab_2/USART.c"
 Parameters:    Size  Location     Type
  str             2    3[COMMON] PTR unsigned char 
		 -> STR_8(17), STR_7(15), STR_6(30), STR_5(31), 
		 -> valor2(6), valor1(6), 
 Auto vars:     Size  Location     Type
		None
 Return value:  Size  Location     Type
                  1    wreg      void 
 Registers used:
		wreg, fsr0l, fsr0h, status,2, status,0, btemp+1, pclath, cstack
 Tracked objects:
		On entry : 
		On exit  : 
		Unchanged: 
 Data sizes:     COMMON   BANK0   BANK1   BANK3   BANK2
      Params:         2       0       0       0       0
      Locals:         0       0       0       0       0
      Temps:          0       0       0       0       0
      Totals:         2       0       0       0       0
Total ram usage:        2 bytes
 Hardware stack levels used:    1
 Hardware stack levels required when called:    2
 This function calls:
		_USART_Tx
 This function is called by:
		_main
 This function uses a non-reentrant model


 *************** function _USART_Tx *****************
 Defined at:
		line 20 in file "Lab_2/USART.c"
 Parameters:    Size  Location     Type
  data            1    wreg     unsigned char 
 Auto vars:     Size  Location     Type
  data            1    2[COMMON] unsigned char 
 Return value:  Size  Location     Type
                  1    wreg      void 
 Registers used:
		wreg
 Tracked objects:
		On entry : 
		On exit  : 
		Unchanged: 
 Data sizes:     COMMON   BANK0   BANK1   BANK3   BANK2
      Params:         0       0       0       0       0
      Locals:         1       0       0       0       0
      Temps:          0       0       0       0       0
      Totals:         1       0       0       0       0
Total ram usage:        1 bytes
 Hardware stack levels used:    1
 Hardware stack levels required when called:    1
 This function calls:
		Nothing
 This function is called by:
		_USART_Cadena
 This function uses a non-reentrant model


 *************** function _LCD_Init8 *****************
 Defined at:
		line 7 in file "Lab_2/LCD_16_2.c"
 Parameters:    Size  Location     Type
		None
 Auto vars:     Size  Location     Type
		None
 Return value:  Size  Location     Type
                  1    wreg      void 
 Registers used:
		wreg, status,2, status,0, pclath, cstack
 Tracked objects:
		On entry : 
		On exit  : 
		Unchanged: 
 Data sizes:     COMMON   BANK0   BANK1   BANK3   BANK2
      Params:         0       0       0       0       0
      Locals:         0       0       0       0       0
      Temps:          2       0       0       0       0
      Totals:         2       0       0       0       0
Total ram usage:        2 bytes
 Hardware stack levels used:    1
 Hardware stack levels required when called:    2
 This function calls:
		_LCD_8_comando
 This function is called by:
		_main
 This function uses a non-reentrant model


 *************** function _LCD_8XY *****************
 Defined at:
		line 60 in file "Lab_2/LCD_16_2.c"
 Parameters:    Size  Location     Type
  x               1    wreg     unsigned char 
  y               1    4[COMMON] unsigned char 
 Auto vars:     Size  Location     Type
  x               1    5[COMMON] unsigned char 
 Return value:  Size  Location     Type
                  1    wreg      void 
 Registers used:
		wreg, status,2, status,0, pclath, cstack
 Tracked objects:
		On entry : 
		On exit  : 
		Unchanged: 
 Data sizes:     COMMON   BANK0   BANK1   BANK3   BANK2
      Params:         1       0       0       0       0
      Locals:         1       0       0       0       0
      Temps:          0       0       0       0       0
      Totals:         2       0       0       0       0
Total ram usage:        2 bytes
 Hardware stack levels used:    1
 Hardware stack levels required when called:    2
 This function calls:
		_LCD_8_comando
 This function is called by:
		_main
 This function uses a non-reentrant model


 *************** function _LCD_8_comando *****************
 Defined at:
		line 48 in file "Lab_2/LCD_16_2.c"
 Parameters:    Size  Location     Type
  dato            1    wreg     unsigned char 
 Auto vars:     Size  Location     Type
  dato            1    3[COMMON] unsigned char 
 Return value:  Size  Location     Type
                  1    wreg      void 
 Registers used:
		wreg
 Tracked objects:
		On entry : 
		On exit  : 
		Unchanged: 
 Data sizes:     COMMON   BANK0   BANK1   BANK3   BANK2
      Params:         0       0       0       0       0
      Locals:         1       0       0       0       0
      Temps:          1       0       0       0       0
      Totals:         2       0       0       0       0
Total ram usage:        2 bytes
 Hardware stack levels used:    1
 Hardware stack levels required when called:    1
 This function calls:
		Nothing
 This function is called by:
		_LCD_Init8
		_LCD_8XY
 This function uses a non-reentrant model


 *************** function _LCD_8Cadena *****************
 Defined at:
		line 69 in file "Lab_2/LCD_16_2.c"
 Parameters:    Size  Location     Type
  dato            2    4[COMMON] PTR const unsigned char 
		 -> STR_4(16), valor3(6), valor2(6), valor1(6), 
 Auto vars:     Size  Location     Type
		None
 Return value:  Size  Location     Type
                  1    wreg      void 
 Registers used:
		wreg, fsr0l, fsr0h, status,2, status,0, btemp+1, pclath, cstack
 Tracked objects:
		On entry : 
		On exit  : 
		Unchanged: 
 Data sizes:     COMMON   BANK0   BANK1   BANK3   BANK2
      Params:         2       0       0       0       0
      Locals:         0       0       0       0       0
      Temps:          1       0       0       0       0
      Totals:         3       0       0       0       0
Total ram usage:        3 bytes
 Hardware stack levels used:    1
 Hardware stack levels required when called:    2
 This function calls:
		_LCD_8Data
 This function is called by:
		_main
 This function uses a non-reentrant model


 *************** function _LCD_8Data *****************
 Defined at:
		line 77 in file "Lab_2/LCD_16_2.c"
 Parameters:    Size  Location     Type
  data            1    wreg     unsigned char 
 Auto vars:     Size  Location     Type
  data            1    3[COMMON] unsigned char 
 Return value:  Size  Location     Type
                  1    wreg      void 
 Registers used:
		wreg
 Tracked objects:
		On entry : 
		On exit  : 
		Unchanged: 
 Data sizes:     COMMON   BANK0   BANK1   BANK3   BANK2
      Params:         0       0       0       0       0
      Locals:         1       0       0       0       0
      Temps:          1       0       0       0       0
      Totals:         2       0       0       0       0
Total ram usage:        2 bytes
 Hardware stack levels used:    1
 Hardware stack levels required when called:    1
 This function calls:
		Nothing
 This function is called by:
		_LCD_8Cadena
 This function uses a non-reentrant model


 *************** function _isr *****************
 Defined at:
		line 59 in file "Lab_2/Lab_2.c"
 Parameters:    Size  Location     Type
		None
 Auto vars:     Size  Location     Type
		None
 Return value:  Size  Location     Type
                  1    wreg      void 
 Registers used:
		None
 Tracked objects:
		On entry : 
		On exit  : 
		Unchanged: 
 Data sizes:     COMMON   BANK0   BANK1   BANK3   BANK2
      Params:         0       0       0       0       0
      Locals:         0       0       0       0       0
      Temps:          2       0       0       0       0
      Totals:         2       0       0       0       0
Total ram usage:        2 bytes
 Hardware stack levels used:    1
 This function calls:
		Nothing
 This function is called by:
		Interrupt level 1
 This function uses a non-reentrant model



MODULE INFORMATION

Module		Function		Class		Link	Load	Size
C:\Program Files\Microchip\xc8\v2.31\pic\sources\c90\common\flneg.c
		___flneg       		CODE           	1A15	0000	11

C:\Program Files\Microchip\xc8\v2.31\pic\sources\c90\common\flneg.c estimated size: 11

C:\Program Files\Microchip\xc8\v2.31\pic\sources\c90\common\flge.c
		___flge        		CODE           	1EA0	0000	164

C:\Program Files\Microchip\xc8\v2.31\pic\sources\c90\common\flge.c estimated size: 164

Lab_2/Lab_2.c
		_main          		CODE           	156D	0000	659
		_isr           		CODE           	1A06	0000	7

Lab_2/Lab_2.c estimated size: 666

C:\Program Files\Microchip\xc8\v2.31\pic\sources\c90\common\sprcmul.c
		___flmul       		CODE           	03B7	0000	865

C:\Program Files\Microchip\xc8\v2.31\pic\sources\c90\common\sprcmul.c estimated size: 865

C:\Program Files\Microchip\xc8\v2.31\pic\sources\c90\common\__lldiv.c
		___lldiv       		CODE           	1CD9	0000	104

C:\Program Files\Microchip\xc8\v2.31\pic\sources\c90\common\__lldiv.c estimated size: 104

C:\Program Files\Microchip\xc8\v2.31\pic\sources\c90\common\Umul8_16.c
		__Umul8_16     		CODE           	07D6	0000	41

C:\Program Files\Microchip\xc8\v2.31\pic\sources\c90\common\Umul8_16.c estimated size: 41

C:\Program Files\Microchip\xc8\v2.31\pic\sources\c90\common\doprnt.c
		_scale         		CODE           	001E	0000	921
		_sprintf       		CODE           	080F	0000	2033
		_fround        		CODE           	10C0	0000	549

C:\Program Files\Microchip\xc8\v2.31\pic\sources\c90\common\doprnt.c estimated size: 3503

C:\Program Files\Microchip\xc8\v2.31\pic\sources\c90\common\ftdivl.c
		__tdiv_to_l_   		CODE           	1003	0000	189

C:\Program Files\Microchip\xc8\v2.31\pic\sources\c90\common\ftdivl.c estimated size: 189

C:\Program Files\Microchip\xc8\v2.31\pic\sources\c90\common\lwmod.c
		___lwmod       		CODE           	1B0A	0000	58

C:\Program Files\Microchip\xc8\v2.31\pic\sources\c90\common\lwmod.c estimated size: 58

C:\Program Files\Microchip\xc8\v2.31\pic\sources\c90\common\awmod.c
		___awmod       		CODE           	1C80	0000	89

C:\Program Files\Microchip\xc8\v2.31\pic\sources\c90\common\awmod.c estimated size: 89

C:\Program Files\Microchip\xc8\v2.31\pic\sources\c90\common\Umul16.c
		___wmul        		CODE           	1A92	0000	37

C:\Program Files\Microchip\xc8\v2.31\pic\sources\c90\common\Umul16.c estimated size: 37

C:\Program Files\Microchip\xc8\v2.31\pic\sources\c90\common\llmod.c
		___llmod       		CODE           	1C2A	0000	86

C:\Program Files\Microchip\xc8\v2.31\pic\sources\c90\common\llmod.c estimated size: 86

C:\Program Files\Microchip\xc8\v2.31\pic\sources\c90\common\isdigit.c
		_isdigit       		CODE           	1A20	0000	18

C:\Program Files\Microchip\xc8\v2.31\pic\sources\c90\common\isdigit.c estimated size: 18

C:\Program Files\Microchip\xc8\v2.31\pic\sources\c90\common\sprcadd.c
		___flsub       		CODE           	1BDA	0000	80
		___fladd       		CODE           	12E5	0000	648

C:\Program Files\Microchip\xc8\v2.31\pic\sources\c90\common\sprcadd.c estimated size: 728

Lab_2/LCD_16_2.c
		_LCD_Init8     		CODE           	1DAA	0000	122
		_LCD_8Data     		CODE           	1A75	0000	29
		_LCD_8XY       		CODE           	1A47	0000	22
		_LCD_8Cadena   		CODE           	1ADD	0000	45
		_LCD_8_comando 		CODE           	1A5D	0000	24

Lab_2/LCD_16_2.c estimated size: 242

C:\Program Files\Microchip\xc8\v2.31\pic\sources\c90\common\fleq.c
		___fleq        		CODE           	1B8A	0000	80

C:\Program Files\Microchip\xc8\v2.31\pic\sources\c90\common\fleq.c estimated size: 80

C:\Program Files\Microchip\xc8\v2.31\pic\sources\c90\common\fldivl.c
		__div_to_l_    		CODE           	0718	0000	190

C:\Program Files\Microchip\xc8\v2.31\pic\sources\c90\common\fldivl.c estimated size: 190

C:\Program Files\Microchip\xc8\v2.31\pic\sources\c90\common\lwdiv.c
		___lwdiv       		CODE           	1B44	0000	70

C:\Program Files\Microchip\xc8\v2.31\pic\sources\c90\common\lwdiv.c estimated size: 70

C:\Program Files\Microchip\xc8\v2.31\pic\sources\c90\common\awdiv.c
		___awdiv       		CODE           	1D41	0000	105

C:\Program Files\Microchip\xc8\v2.31\pic\sources\c90\common\awdiv.c estimated size: 105

shared
		__stringtab    		STRCODE        	1800	0000	18
		__powers_      		STRCODE        	1812	0000	52
		_dpowers       		STRCODE        	187A	0000	40
		__npowers_     		STRCODE        	1846	0000	52
		__initialization		CODE           	000F	0000	11

shared estimated size: 173

C:\Program Files\Microchip\xc8\v2.31\pic\sources\c90\common\fltol.c
		___fltol       		CODE           	1E24	0000	124

C:\Program Files\Microchip\xc8\v2.31\pic\sources\c90\common\fltol.c estimated size: 124

C:\Program Files\Microchip\xc8\v2.31\pic\sources\c90\common\xxtofl.c
		___xxtofl      		CODE           	1F44	0000	188

C:\Program Files\Microchip\xc8\v2.31\pic\sources\c90\common\xxtofl.c estimated size: 188

Lab_2/USART.c
		_USART_Rx      		CODE           	1A02	0000	4
		_USART_Tx      		CODE           	0803	0000	12
		_USART_Cadena  		CODE           	1AB7	0000	38
		_USART_Init    		CODE           	1A32	0000	21

Lab_2/USART.c estimated size: 75

